3054975
3054974
3054972
3054971
3054969
3054968
3054964
3054963
3054962
3054961
3054960
3054959
3054958
3054956
3054955
3054954
3054953
3054952
3054951
3054949
3055167
3055166
3055165
3055163
3055161
3055160
3055151
3055158
3055157
3055156
3055152
3055147
3055146
3055145
3055144
3055142
3055140
3055139
3055137
3055135
3055454
3055453
3055452
3055451
3055450
3055449
3055448
3055446
3055445
3055444
3055443
3055442
3055441
3055440
3055438
3055437
3055436
3055435
3055434
3055433
3055482
3055480
3055479
3055478
3055477
3055476
3055475
3055474
3055473
3055472
3055471
3055470
3055469
3055468
3055467
3055466
3055465
3055464
3055463
3055462
3055532
3055531
3055530
3055529
3055527
3055526
3055525
3055523
3055521
3055520
3055533
3055519
3055518
3055517
3055516
3055515
3055513
3055512
3055511
3055510
3055590
3055589
3055588
3055587
3055586
3055585
3055584
3055581
3055580
3055579
3055577
3055576
3055575
3055574
3055573
3055572
3055571
3055569
3055566
3055565
3055596
3055594
3055593
3055592
3055591
3055620
3055619
3055618
3055617
3055616
3055615
3055613
3055612
3055611
3055610
3055609
3055608
3055607
3055605
3055604
3055614
3055602
3055601
3055600
3055599
3055677
3055676
3055675
3055674
3055673
3055672
3055670
3055669
3055671
3055668
3055667
3055664
3055663
3055662
3055661
3055660
3055658
3055657
3055654
3055652
3055689
3055687
3055686
3055688
3055685
3055684
3055683
3055682
3055681
3055680
3055679
3055733
3055732
3055731
3055730
3055729
3055728
3055727
3055726
3055725
3055724
3055723
3055722
3055721
3055718
3055717
3055716
3055715
3055714
3055713
3055712
3055877
3055876
3055875
3055874
3055873
3055872
3055871
3055870
3055869
3055868
3055866
3055865
3055864
3055863
3055862
3055860
3055861
3055859
3055858
3055856
3055895
3055894
3055893
3055892
3055891
3055889
3055890
3055888
3055887
3055886
3055885
3055884
3055883
3055882
3055880
3055878
3055962
3055961
3055960
3055959
3055958
3055956
3055955
3055954
3055953
3055952
3055950
3055949
3055948
3055947
3055946
3055945
3055944
3055943
3055942
3055941
3056207
3056206
3056205
3056204
3056202
3056201
3056200
3056198
3056197
3056196
3056194
3056190
3056189
3056186
3056185
3056184
3056183
3056182
3056195
3056181
3056235
3056234
3056233
3056232
3056231
3056230
3056229
3056228
3056227
3056226
3056224
3056223
3056222
3056221
3056220
3056219
3056217
3056215
3056214
3056213
3056304
3056303
3056302
3056301
3056300
3056299
3056298
3056297
3056296
3056295
3056294
3056293
3056292
3056291
3056290
3056289
3056288
3056287
3056286
3056285
3056564
3056563
3056561
3056559
3056558
3056557
3056556
3056554
3056553
3056552
3056551
3056549
3056546
3056545
3056544
3056543
3056542
3056541
3056555
3056540
3056633
3056632
3056631
3056630
3056629
3056628
3056627
3056626
3056625
3056623
3056622
3056621
3056620
3056619
3056618
3056617
3056616
3056615
3056614
3056613
3056854
3056853
3056852
3056851
3056850
3056849
3056848
3056847
3056846
3056845
3056844
3056843
3056842
3056841
3056840
3056837
3056838
3056836
3056835
3056834
3056872
3056871
3056870
3056868
3056867
3056866
3056865
3056864
3056863
3056862
3056861
3056860
3056869
3056859
3056858
3056856
3056933
3056932
3056931
3056930
3056929
3056928
3056926
3056925
3056924
3056923
3056922
3056921
3056920
3056919
3056918
3056917
3056916
3056915
3056914
3056913
3057156
3057155
3057154
3057153
3057152
3057151
3057150
3057149
3057148
3057147
3057146
3057144
3057143
3057141
3057142
3057140
3057139
3057138
3057137
3057136
3057164
3057163
3057162
3057161
3057160
3057159
3057158
3057157
3057187
3057185
3057184
3057183
3057182
3057181
3057180
3057179
3057177
3057176
3057175
3057174
3057173
3057172
3057171
3057170
3057169
3057168
3057178
3057167
3057239
3057238
3057237
3057236
3057235
3057234
3057233
3057232
3057231
3057230
3057229
3057228
3057227
3057226
3057225
3057224
3057223
3057222
3057221
3057220
3057245
3057244
3057243
3057242
3057241
3057240
3057268
3057267
3057266
3057264
3057263
3057262
3057261
3057260
3057259
3057258
3057257
3057256
3057255
3057254
3057253
3057252
3057251
3057250
3057249
3057248
3057348
3057347
3057346
3057345
3057344
3057343
3057341
3057340
3057339
3057338
3057337
3057336
3057335
3057334
3057333
3057332
3057331
3057330
3057329
3057328
3057379
3057378
3057377
3057376
3057375
3057374
3057373
3057372
3057371
3057370
3057369
3057368
3057367
3057366
3057365
3057364
3057363
3057362
3057361
3057360
3057454
3057453
3057452
3057451
3057450
3057449
3057448
3057447
3057446
3057445
3057444
3057443
3057442
3057441
3057440
3057439
3057438
3057437
3057436
3057435
3057857
3057854
3057853
3057851
3057850
3057847
3057843
3057842
3057841
3057840
3057839
3057836
3057835
3057837
3057833
3057830
3057829
3057828
3057826
3057825
3057929
3057928
3057926
3057925
3057924
3057923
3057922
3057920
3057919
3057918
3057917
3057915
3057913
3057912
3057911
3057908
3057906
3057905
3057904
3057903
3058115
3058114
3058111
3058110
3058109
3058107
3058106
3058105
3058104
3058103
3058102
3058101
3058100
3058099
3058096
3058095
3058094
3058092
3058090
3058089
3058549
3058548
3058545
3058543
3058542
3058541
3058539
3058538
3058537
3058536
3058533
3058530
3058529
3058528
3058526
3058525
3058524
3058522
3058521
3058519
3058685
3058684
3058683
3058681
3058680
3058678
3058677
3058676
3058675
3058672
3058670
3058669
3058666
3058664
3058662
3058661
3058660
3058659
3058658
3058657
3058852
3058851
3058849
3058846
3058845
3058844
3058842
3058841
3058838
3058837
3058828
3058826
3058824
3058823
3058822
3058820
3058818
3058817
3058816
3058814
3059245
3059242
3059240
3059241
3059237
3059235
3059234
3059233
3059231
3059228
3059225
3059224
3059223
3059222
3059221
3059217
3059215
3059213
3059212
3059210
3059356
3059354
3059353
3059351
3059350
3059349
3059348
3059343
3059341
3059340
3059339
3059336
3059335
3059334
3059333
3059332
3059330
3059329
3059327
3059323
3059543
3059542
3059541
3059540
3059539
3059538
3059537
3059532
3059529
3059528
3059527
3059525
3059524
3059523
3059522
3059521
3059520
3059518
3059536
3059517
3059966
3059964
3059963
3059960
3059959
3059958
3059957
3059954
3059953
3059949
3059948
3059946
3059945
3059943
3059942
3059941
3059937
3059934
3059932
3059930
3060055
3060054
3060053
3060052
3060051
3060049
3060048
3060046
3060045
3060044
3060042
3060041
3060040
3060038
3060037
3060035
3060030
3060028
3060025
3060024
3060590
3060589
3060587
3060585
3060584
3060583
3060582
3060581
3060579
3060578
3060577
3060576
3060575
3060574
3060572
3060571
3060570
3060569
3060568
3060567
3060626
3060625
3060624
3060623
3060622
3060621
3060620
3060619
3060618
3060617
3060616
3060615
3060614
3060613
3060612
3060611
3060610
3060609
3060608
3060607
3060820
3060819
3060818
3060817
3060816
3060815
3060814
3060813
3060812
3060811
3060810
3060809
3060808
3060807
3060806
3060805
3060804
3060803
3060802
3060801
3061058
3061057
3061056
3061055
3061054
3061053
3061052
3061051
3061050
3061049
3061048
3061047
3061046
3061045
3061044
3061042
3061041
3061040
3061039
3061037
3061078
3061077
3061076
3061074
3061073
3061072
3061071
3061070
3061069
3061068
3061067
3061065
3061064
3061063
3061062
3061060
3061059
3061147
3061145
3061144
3061143
3061142
3061141
3061140
3061139
3061137
3061136
3061135
3061133
3061132
3061131
3061129
3061128
3061127
3061126
3061125
3061124
3061473
3061472
3061466
3061464
3061463
3061461
3061460
3061459
3061456
3061455
3061454
3061453
3061452
3061449
3061448
3061447
3061443
3061439
3061438
3061436
3061607
3061606
3061599
3061605
3061603
3061601
3061600
3061588
3061598
3061596
3061594
3061593
3061591
3061590
3061587
3061586
3061585
3061583
3061582
3061581
3061874
3061873
3061872
3061849
3061871
3061870
3061867
3061866
3061865
3061859
3061863
3061861
3061858
3061855
3061854
3061853
3061851
3061847
3061845
3061844
3062389
3062387
3062386
3062385
3062383
3062381
3062379
3062378
3062376
3062374
3062373
3062372
3062371
3062369
3062368
3062367
3062365
3062364
3062361
3062360
3062506
3062505
3062503
3062502
3062501
3062500
3062499
3062498
3062497
3062493
3062491
3062490
3062489
3062486
3062483
3062482
3062481
3062480
3062479
3062478
3062761
3062760
3062758
3062757
3062755
3062753
3062751
3062749
3062748
3062747
3062746
3062744
3062743
3062742
3062741
3062740
3062739
3062738
3062734
3062733
3063256
3063255
3063254
3063251
3063249
3063248
3063247
3063245
3063242
3063241
3063240
3063239
3063238
3063237
3063235
3063234
3063233
3063232
3063230
3063229
3063414
3063413
3063412
3063411
3063408
3063407
3063406
3063405
3063403
3063402
3063401
3063399
3063397
3063396
3063395
3063394
3063393
3063391
3063388
3063386
3063613
3063610
3063609
3063607
3063606
3063605
3063604
3063602
3063598
3063597
3063596
3063595
3063594
3063593
3063590
3063589
3063588
3063587
3063585
3063584
3064145
3064144
3064143
3064139
3064138
3064137
3064136
3064133
3064131
3064128
3064127
3064126
3064124
3064122
3064121
3064120
3064116
3064113
3064112
3064111
3064283
3064281
3064280
3064279
3064277
3064276
3064275
3064273
3064272
3064271
3064270
3064268
3064267
3064266
3064265
3064264
3064263
3064262
3064258
3064254
3064463
3064460
3064459
3064458
3064454
3064450
3064449
3064448
3064447
3064445
3064444
3064443
3064441
3064439
3064438
3064437
3064435
3064434
3064433
3064432
3064839
3064836
3064833
3064831
3064829
3064828
3064826
3064824
3064823
3064822
3064821
3064819
3064818
3064815
3064812
3064810
3064808
3064807
3064804
3064803
3064935
3064934
3064931
3064930
3064929
3064927
3064925
3064924
3064920
3064919
3064917
3064916
3064915
3064914
3064913
3064911
3064908
3064907
3064906
3064905
3065224
3065223
3065220
3065218
3065217
3065216
3065215
3065214
3065210
3065208
3065207
3065206
3065203
3065201
3065199
3065198
3065196
3065193
3065192
3065191
3065587
3065586
3065585
3065584
3065583
3065582
3065581
3065580
3065579
3065578
3065577
3065576
3065575
3065574
3065573
3065572
3065571
3065570
3065569
3065568
3065624
3065623
3065622
3065621
3065620
3065619
3065618
3065617
3065616
3065615
3065614
3065613
3065612
3065611
3065610
3065609
3065607
3065606
3065605
3065604
3065715
3065714
3065713
3065712
3065711
3065710
3065709
3065708
3065707
3065706
3065705
3065704
3065703
3065702
3065701
3065700
3065699
3065698
3065697
3065696
3065829
3065828
3065827
3065826
3065825
3065824
3065823
3065822
3065821
3065820
3065819
3065818
3065817
3065816
3065815
3065814
3065813
3065812
3065811
3065810
3065837
3065836
3065835
3065834
3065833
3065832
3065831
3065830
3065868
3065867
3065866
3065864
3065863
3065860
3065854
3065853
3065857
3065852
3065855
3065851
3065849
3065848
3065847
3065846
3065845
3065844
3065843
3065839
3066161
3066157
3066155
3066153
3066151
3066149
3066145
3066144
3066142
3066141
3066140
3066148
3066139
3066137
3066131
3066129
3066128
3066127
3066126
3066124
3066282
3066281
3066279
3066277
3066276
3066274
3066275
3066273
3066272
3066271
3066270
3066269
3066267
3066266
3066265
3066264
3066262
3066261
3066260
3066259
3066488
3066487
3066486
3066484
3066482
3066481
3066480
3066479
3066478
3066477
3066476
3066474
3066473
3066472
3066470
3066468
3066467
3066465
3066464
3066463
3066972
3066970
3066969
3066968
3066966
3066965
3066963
3066962
3066960
3066959
3066957
3066954
3066952
3066951
3066950
3066949
3066948
3066946
3066947
3066945
3067079
3067076
3067074
3067073
3067072
3067071
3067069
3067068
3067067
3067066
3067065
3067064
3067060
3067059
3067056
3067054
3067053
3067051
3067050
3067049
3067265
3067263
3067262
3067261
3067259
3067257
3067255
3067254
3067253
3067252
3067251
3067250
3067249
3067248
3067247
3067246
3067245
3067244
3067241
3067239
3067744
3067743
3067742
3067741
3067739
3067737
3067735
3067734
3067733
3067729
3067728
3067726
3067725
3067724
3067719
3067717
3067715
3067713
3067711
3067709
3067845
3067844
3067843
3067842
3067841
3067840
3067839
3067838
3067836
3067835
3067833
3067832
3067831
3067830
3067827
3067826
3067825
3067822
3067821
3067820
3068545
3068543
3068542
3068541
3068540
3068539
3068538
3068537
3068536
3068533
3068531
3068529
3068528
3068526
3068525
3068523
3068521
3068520
3068518
3068517
3068644
3068642
3068641
3068640
3068637
3068636
3068632
3068631
3068630
3068629
3068628
3068627
3068626
3068624
3068623
3068622
3068621
3068620
3068619
3068618
3068874
3068873
3068871
3068869
3068867
3068866
3068865
3068864
3068863
3068862
3068861
3068860
3068859
3068857
3068855
3068854
3068852
3068851
3068850
3068848
3069334
3069332
3069331
3069330
3069329
3069327
3069326
3069324
3069323
3069321
3069318
3069317
3069316
3069312
3069311
3069309
3069307
3069306
3069304
3069302
3069444
3069443
3069442
3069441
3069439
3069438
3069435
3069434
3069432
3069431
3069430
3069428
3069425
3069423
3069422
3069420
3069419
3069417
3069416
3069414
3069727
3069726
3069725
3069724
3069723
3069721
3069719
3069716
3069715
3069714
3069713
3069712
3069710
3069708
3069707
3069704
3069702
3069700
3069698
3069696
3070080
3070079
3070078
3070077
3070076
3070075
3070074
3070073
3070072
3070071
3070070
3070069
3070068
3070066
3070065
3070064
3070063
3070062
3070061
3070060
3070094
3070093
3070092
3070091
3070090
3070089
3070088
3070087
3070086
3070085
3070084
3070083
3070082
3070081
3070149
3070148
3070147
3070146
3070145
3070144
3070143
3070142
3070141
3070140
3070139
3070138
3070137
3070136
3070135
3070134
3070133
3070132
3070131
3070130
3070223
3070222
3070221
3070218
3070217
3070216
3070215
3070214
3070212
3070211
3070210
3070209
3070208
3070207
3070206
3070205
3070204
3070203
3070198
3070197
3070230
3070229
3070228
3070226
3070225
3070224
3070279
3070278
3070277
3070274
3070273
3070272
3070271
3070275
3070270
3070269
3070266
3070265
3070264
3070282
3070262
3070261
3070260
3070259
3070257
3070254
3070575
3070573
3070572
3070568
3070567
3070565
3070563
3070562
3070558
3070556
3070554
3070553
3070552
3070550
3070549
3070547
3070546
3070541
3070540
3070538
3070692
3070690
3070689
3070688
3070687
3070686
3070685
3070684
3070681
3070680
3070679
3070678
3070677
3070676
3070675
3070673
3070671
3070670
3070666
3070664
3070900
3070899
3070896
3070893
3070892
3070891
3070890
3070888
3070885
3070887
3070884
3070882
3070880
3070878
3070874
3070867
3070864
3070863
3070862
3070861
3071361
3071360
3071358
3071356
3071354
3071351
3071348
3071347
3071346
3071345
3071340
3071338
3071337
3071335
3071334
3071333
3071330
3071329
3071328
3071327
3071458
3071455
3071453
3071452
3071451
3071450
3071449
3071448
3071445
3071444
3071441
3071440
3071439
3071438
3071437
3071434
3071432
3071431
3071429
3071428
3071647
3071646
3071645
3071644
3071643
3071642
3071641
3071640
3071639
3071633
3071637
3071636
3071635
3071634
3071631
3071630
3071629
3071628
3071626
3071624
3072103
3072102
3072101
3072096
3072095
3072093
3072091
3072088
3072087
3072085
3072084
3072083
3072082
3072080
3072077
3072076
3072074
3072071
3072069
3072067
3072208
3072205
3072203
3072202
3072201
3072198
3072195
3072191
3072190
3072189
3072188
3072187
3072186
3072184
3072183
3072182
3072178
3072175
3072174
3072173
3072412
3072411
3072410
3072409
3072407
3072406
3072389
3072408
3072403
3072397
3072392
3072390
3072386
3072384
3072382
3072381
3072380
3072379
3072378
3072376
3072907
3072905
3072903
3072900
3072898
3072896
3072895
3072894
3072891
3072890
3072889
3072888
3072885
3072884
3072881
3072880
3072879
3072878
3072876
3072874
3073009
3073008
3073007
3073005
3073003
3073000
3072999
3072998
3072995
3072993
3072992
3072991
3072990
3072988
3072987
3072986
3072985
3072982
3072981
3072979
3073265
3073264
3073263
3073261
3073260
3073259
3073258
3073256
3073255
3073254
3073251
3073250
3073249
3073248
3073247
3073245
3073244
3073243
3073242
3073241
3073751
3073748
3073746
3073745
3073744
3073741
3073740
3073737
3073736
3073735
3073733
3073731
3073730
3073727
3073726
3073723
3073722
3073720
3073718
3073717
3073847
3073846
3073844
3073843
3073841
3073840
3073839
3073837
3073836
3073835
3073834
3073833
3073832
3073828
3073826
3073825
3073824
3073822
3073821
3073820
3074114
3074112
3074110
3074108
3074107
3074106
3074104
3074101
3074100
3074094
3074092
3074089
3074088
3074087
3074086
3074085
3074084
3074082
3074081
3074079
3074403
3074402
3074401
3074400
3074399
3074398
3074397
3074396
3074394
3074393
3074392
3074391
3074390
3074389
3074388
3074385
3074384
3074382
3074381
3074378
3074412
3074411
3074410
3074409
3074408
3074407
3074405
3074404
3074449
3074448
3074447
3074446
3074445
3074444
3074443
3074442
3074441
3074440
3074439
3074438
3074437
3074436
3074435
3074434
3074433
3074431
3074430
3074429
3074489
3074488
3074487
3074486
3074485
3074484
3074483
3074481
3074479
3074478
3074477
3074475
3074474
3074473
3074470
3074469
3074468
3074467
3074466
3074465
3074504
3074503
3074502
3074499
3074498
3074497
3074496
3074493
3074492
3074490
3074495
3074541
3074540
3074539
3074538
3074536
3074535
3074534
3074533
3074532
3074531
3074530
3074529
3074525
3074524
3074523
3074522
3074521
3074520
3074519
3074517
3074822
3074821
3074818
3074817
3074815
3074813
3074812
3074810
3074809
3074805
3074803
3074802
3074801
3074799
3074795
3074794
3074793
3074792
3074791
3074788
3074957
3074955
3074954
3074953
3074951
3074950
3074949
3074948
3074946
3074941
3074940
3074939
3074937
3074936
3074935
3074934
3074933
3074932
3074930
3074929
3075166
3075164
3075163
3075162
3075160
3075158
3075157
3075156
3075155
3075154
3075153
3075152
3075149
3075147
3075142
3075140
3075137
3075135
3075133
3075132
3075620
3075619
3075617
3075616
3075614
3075613
3075610
3075607
3075605
3075604
3075603
3075601
3075599
3075597
3075594
3075593
3075592
3075590
3075589
3075588
3075727
3075726
3075725
3075723
3075718
3075716
3075715
3075713
3075711
3075710
3075709
3075704
3075703
3075700
3075699
3075696
3075692
3075689
3075686
3075684
3075944
3075942
3075941
3075939
3075938
3075937
3075935
3075933
3075932
3075929
3075928
3075927
3075924
3075921
3075920
3075918
3075917
3075916
3075915
3075914
3076384
3076381
3076380
3076378
3076377
3076376
3076374
3076370
3076369
3076368
3076366
3076364
3076362
3076361
3076360
3076359
3076355
3076354
3076353
3076350
3076497
3076496
3076495
3076493
3076492
3076491
3076490
3076489
3076488
3076487
3076485
3076483
3076482
3076481
3076480
3076479
3076478
3076476
3076475
3076474
3076660
3076659
3076658
3076657
3076656
3076653
3076652
3076651
3076647
3076646
3076642
3076639
3076637
3076636
3076635
3076632
3076631
3076630
3076629
3076628
3077099
3077098
3077097
3077096
3077095
3077092
3077091
3077089
3077087
3077086
3077085
3077084
3077079
3077078
3077076
3077075
3077070
3077068
3077064
3077061
3077209
3077208
3077206
3077205
3077203
3077200
3077198
3077196
3077195
3077193
3077192
3077191
3077176
3077188
3077187
3077185
3077184
3077182
3077181
3077179
3077444
3077441
3077440
3077438
3077435
3077434
3077432
3077431
3077430
3077428
3077426
3077424
3077422
3077420
3077419
3077418
3077417
3077416
3077415
3077414
3077907
3077906
3077905
3077903
3077902
3077898
3077897
3077896
3077894
3077893
3077892
3077891
3077890
3077889
3077888
3077886
3077883
3077880
3077877
3077873
3078004
3078003
3078000
3077999
3077997
3077995
3077994
3077993
3077992
3077991
3077990
3077989
3077987
3077986
3077985
3077984
3077983
3077982
3077981
3077980
3078221
3078218
3078217
3078216
3078215
3078213
3078196
3078209
3078206
3078204
3078207
3078201
3078199
3078198
3078195
3078193
3078192
3078190
3078188
3078186
3078534
3078533
3078532
3078531
3078530
3078529
3078528
3078526
3078525
3078524
3078523
3078522
3078520
3078519
3078518
3078516
3078515
3078511
3078507
3078508
3078547
3078546
3078545
3078543
3078542
3078541
3078540
3078539
3078538
3078537
3078536
3078579
3078578
3078577
3078576
3078574
3078573
3078572
3078571
3078569
3078568
3078567
3078566
3078565
3078564
3078563
3078562
3078561
3078560
3078559
3078558
3078663
3078662
3078661
3078659
3078657
3078656
3078654
3078652
3078649
3078648
3078647
3078646
3078644
3078642
3078641
3078640
3078639
3078638
3078637
3078636
3078667
3078666
3078665
3078664
3078714
3078713
3078712
3078711
3078710
3078709
3078706
3078704
3078703
3078702
3078701
3078698
3078700
3078696
3078695
3078699
3078694
3078697
3078716
3078693
3078957
3078956
3078955
3078954
3078951
3078950
3078949
3078946
3078943
3078942
3078941
3078940
3078938
3078935
3078934
3078932
3078931
3078930
3078929
3078928
3079058
3079057
3079056
3079055
3079054
3079052
3079051
3079050
3079048
3079047
3079046
3079045
3079044
3079042
3079041
3079040
3079039
3079038
3079036
3079034
3079317
3079315
3079314
3079313
3079312
3079311
3079307
3079305
3079304
3079303
3079301
3079300
3079298
3079297
3079295
3079294
3079292
3079291
3079290
3079289
3079812
3079811
3079810
3079809
3079806
3079804
3079803
3079802
3079799
3079798
3079797
3079796
3079794
3079791
3079788
3079787
3079786
3079784
3079783
3079782
3079936
3079934
3079932
3079930
3079928
3079927
3079926
3079925
3079922
3079920
3079919
3079917
3079914
3079913
3079912
3079911
3079910
3079909
3079908
3079907
3080144
3080142
3080141
3080139
3080138
3080137
3080136
3080134
3080133
3080132
3080131
3080130
3080129
3080126
3080125
3080124
3080121
3080120
3080119
3080118
3080607
3080604
3080603
3080600
3080599
3080598
3080597
3080596
3080595
3080594
3080593
3080592
3080591
3080588
3080587
3080585
3080584
3080583
3080582
3080581
3080710
3080708
3080707
3080706
3080705
3080703
3080702
3080701
3080700
3080698
3080696
3080695
3080694
3080693
3080690
3080685
3080684
3080682
3080681
3080680
3080891
3080890
3080888
3080887
3080885
3080882
3080877
3080876
3080875
3080873
3080871
3080869
3080867
3080866
3080865
3080863
3080862
3080861
3080859
3080858
3081296
3081295
3081294
3081293
3081291
3081289
3081288
3081286
3081284
3081283
3081282
3081281
3081280
3081279
3081278
3081277
3081276
3081274
3081273
3081271
3081406
3081404
3081403
3081402
3081399
3081396
3081394
3081391
3081390
3081389
3081388
3081387
3081386
3081385
3081384
3081382
3081381
3081380
3081377
3081376
3081568
3081567
3081566
3081564
3081563
3081562
3081559
3081558
3081557
3081556
3081554
3081552
3081551
3081550
3081549
3081548
3081547
3081545
3081543
3081542
3081956
3081955
3081954
3081951
3081950
3081948
3081947
3081944
3081943
3081941
3081939
3081938
3081936
3081935
3081932
3081930
3081928
3081927
3081926
3081925
3082040
3082038
3082037
3082036
3082034
3082033
3082032
3082031
3082027
3082026
3082025
3082024
3082023
3082022
3082021
3082017
3082015
3082014
3082013
3082012
3082180
3082179
3082178
3082177
3082176
3082175
3082173
3082171
3082170
3082167
3082166
3082163
3082162
3082161
3082159
3082158
3082157
3082155
3082154
3082152
3082379
3082378
3082377
3082376
3082375
3082374
3082373
3082372
3082371
3082370
3082369
3082368
3082367
3082366
3082365
3082364
3082363
3082361
3082360
3082359
3082393
3082392
3082391
3082390
3082389
3082388
3082387
3082386
3082385
3082384
3082383
3082382
3082381
3082380
3082436
3082434
3082433
3082432
3082431
3082430
3082429
3082428
3082427
3082426
3082425
3082424
3082423
3082421
3082420
3082419
3082418
3082417
3082416
3082533
3082531
3082530
3082529
3082528
3082527
3082526
3082525
3082524
3082523
3082522
3082521
3082520
3082519
3082518
3082517
3082516
3082515
3082514
3082513
3082572
3082571
3082570
3082569
3082568
3082567
3082566
3082565
3082564
3082563
3082562
3082561
3082560
3082559
3082558
3082557
3082555
3082554
3082553
3082552
3082616
3082615
3082614
3082612
3082611
3082610
3082608
3082607
3082606
3082602
3082601
3082600
3082599
3082604
3082598
3082597
3082596
3082594
3082593
3082592
3082727
3082726
3082725
3082724
3082723
3082722
3082721
3082720
3082719
3082718
3082717
3082716
3082715
3082714
3082713
3082712
3082711
3082710
3082709
3082708
3082764
3082763
3082762
3082761
3082760
3082758
3082757
3082756
3082755
3082754
3082753
3082752
3082751
3082750
3082749
3082748
3082747
3082746
3082745
3082744
3082821
3082820
3082819
3082818
3082817
3082816
3082815
3082814
3082813
3082812
3082811
3082810
3082809
3082808
3082806
3082804
3082803
3082802
3082801
3082800
3083136
3083135
3083134
3083133
3083130
3083129
3083127
3083125
3083123
3083122
3083120
3083119
3083115
3083113
3083112
3083111
3083110
3083109
3083108
3083106
3083233
3083231
3083229
3083228
3083227
3083225
3083224
3083223
3083222
3083221
3083219
3083218
3083216
3083214
3083213
3083208
3083207
3083204
3083203
3083202
3083470
3083469
3083468
3083463
3083462
3083461
3083459
3083456
3083455
3083454
3083453
3083452
3083450
3083451
3083448
3083447
3083446
3083443
3083442
3083441
3083955
3083953
3083952
3083951
3083950
3083949
3083948
3083947
3083944
3083943
3083941
3083940
3083938
3083936
3083935
3083933
3083932
3083931
3083929
3083928
